// Jest Snapshot v1, https://goo.gl/fbAQLP

exports[`should render UserList 1`] = `
"<ul class=\\"userList\\">
  <li>
    <div class=\\"userInfo\\">
      <div class=\\"userInfo__avatar\\" style=\\"background-color: green;\\">N</div><span class=\\"userInfo__username\\">Naruto</span>
    </div>
  </li>
  <li>
    <div class=\\"userInfo\\">
      <div class=\\"userInfo__avatar\\" style=\\"background-color: orange;\\">S</div><span class=\\"userInfo__username\\">Sasuke</span>
    </div>
  </li>
</ul>"
`;
